Archive member included to satisfy reference by file (symbol)

c:/st/stm32cubeide_1.2.0/stm32cubeide/plugins/com.st.stm32cube.ide.mcu.externaltools.gnu-tools-for-stm32.7-2018-q2-update.win32_1.0.0.201904181610/tools/bin/../lib/gcc/arm-none-eabi/7.3.1/../../../../arm-none-eabi/lib\libc_nano.a(lib_a-exit.o)
                              c:/st/stm32cubeide_1.2.0/stm32cubeide/plugins/com.st.stm32cube.ide.mcu.externaltools.gnu-tools-for-stm32.7-2018-q2-update.win32_1.0.0.201904181610/tools/bin/../lib/gcc/arm-none-eabi/7.3.1/../../../../arm-none-eabi/lib/crt0.o (exit)
c:/st/stm32cubeide_1.2.0/stm32cubeide/plugins/com.st.stm32cube.ide.mcu.externaltools.gnu-tools-for-stm32.7-2018-q2-update.win32_1.0.0.201904181610/tools/bin/../lib/gcc/arm-none-eabi/7.3.1/../../../../arm-none-eabi/lib\libc_nano.a(lib_a-impure.o)
                              c:/st/stm32cubeide_1.2.0/stm32cubeide/plugins/com.st.stm32cube.ide.mcu.externaltools.gnu-tools-for-stm32.7-2018-q2-update.win32_1.0.0.201904181610/tools/bin/../lib/gcc/arm-none-eabi/7.3.1/../../../../arm-none-eabi/lib\libc_nano.a(lib_a-exit.o) (_global_impure_ptr)
c:/st/stm32cubeide_1.2.0/stm32cubeide/plugins/com.st.stm32cube.ide.mcu.externaltools.gnu-tools-for-stm32.7-2018-q2-update.win32_1.0.0.201904181610/tools/bin/../lib/gcc/arm-none-eabi/7.3.1/../../../../arm-none-eabi/lib\libc_nano.a(lib_a-init.o)
                              c:/st/stm32cubeide_1.2.0/stm32cubeide/plugins/com.st.stm32cube.ide.mcu.externaltools.gnu-tools-for-stm32.7-2018-q2-update.win32_1.0.0.201904181610/tools/bin/../lib/gcc/arm-none-eabi/7.3.1/../../../../arm-none-eabi/lib/crt0.o (__libc_init_array)
c:/st/stm32cubeide_1.2.0/stm32cubeide/plugins/com.st.stm32cube.ide.mcu.externaltools.gnu-tools-for-stm32.7-2018-q2-update.win32_1.0.0.201904181610/tools/bin/../lib/gcc/arm-none-eabi/7.3.1/../../../../arm-none-eabi/lib\libc_nano.a(lib_a-memset.o)
                              c:/st/stm32cubeide_1.2.0/stm32cubeide/plugins/com.st.stm32cube.ide.mcu.externaltools.gnu-tools-for-stm32.7-2018-q2-update.win32_1.0.0.201904181610/tools/bin/../lib/gcc/arm-none-eabi/7.3.1/../../../../arm-none-eabi/lib/crt0.o (memset)
c:/st/stm32cubeide_1.2.0/stm32cubeide/plugins/com.st.stm32cube.ide.mcu.externaltools.gnu-tools-for-stm32.7-2018-q2-update.win32_1.0.0.201904181610/tools/bin/../lib/gcc/arm-none-eabi/7.3.1/../../../../arm-none-eabi/lib\libc_nano.a(lib_a-strlen.o)
                              src/006_spi1_tx_testing.o (strlen)
c:/st/stm32cubeide_1.2.0/stm32cubeide/plugins/com.st.stm32cube.ide.mcu.externaltools.gnu-tools-for-stm32.7-2018-q2-update.win32_1.0.0.201904181610/tools/bin/../lib/gcc/arm-none-eabi/7.3.1/../../../../arm-none-eabi/lib\libnosys.a(_exit.o)
                              c:/st/stm32cubeide_1.2.0/stm32cubeide/plugins/com.st.stm32cube.ide.mcu.externaltools.gnu-tools-for-stm32.7-2018-q2-update.win32_1.0.0.201904181610/tools/bin/../lib/gcc/arm-none-eabi/7.3.1/../../../../arm-none-eabi/lib\libc_nano.a(lib_a-exit.o) (_exit)

Discarded input sections

 .text          0x0000000000000000        0x0 c:/st/stm32cubeide_1.2.0/stm32cubeide/plugins/com.st.stm32cube.ide.mcu.externaltools.gnu-tools-for-stm32.7-2018-q2-update.win32_1.0.0.201904181610/tools/bin/../lib/gcc/arm-none-eabi/7.3.1/crti.o
 .data          0x0000000000000000        0x0 c:/st/stm32cubeide_1.2.0/stm32cubeide/plugins/com.st.stm32cube.ide.mcu.externaltools.gnu-tools-for-stm32.7-2018-q2-update.win32_1.0.0.201904181610/tools/bin/../lib/gcc/arm-none-eabi/7.3.1/crti.o
 .bss           0x0000000000000000        0x0 c:/st/stm32cubeide_1.2.0/stm32cubeide/plugins/com.st.stm32cube.ide.mcu.externaltools.gnu-tools-for-stm32.7-2018-q2-update.win32_1.0.0.201904181610/tools/bin/../lib/gcc/arm-none-eabi/7.3.1/crti.o
 .data          0x0000000000000000        0x4 c:/st/stm32cubeide_1.2.0/stm32cubeide/plugins/com.st.stm32cube.ide.mcu.externaltools.gnu-tools-for-stm32.7-2018-q2-update.win32_1.0.0.201904181610/tools/bin/../lib/gcc/arm-none-eabi/7.3.1/crtbegin.o
 .text          0x0000000000000000      0x114 c:/st/stm32cubeide_1.2.0/stm32cubeide/plugins/com.st.stm32cube.ide.mcu.externaltools.gnu-tools-for-stm32.7-2018-q2-update.win32_1.0.0.201904181610/tools/bin/../lib/gcc/arm-none-eabi/7.3.1/../../../../arm-none-eabi/lib/crt0.o
 .data          0x0000000000000000        0x0 c:/st/stm32cubeide_1.2.0/stm32cubeide/plugins/com.st.stm32cube.ide.mcu.externaltools.gnu-tools-for-stm32.7-2018-q2-update.win32_1.0.0.201904181610/tools/bin/../lib/gcc/arm-none-eabi/7.3.1/../../../../arm-none-eabi/lib/crt0.o
 .bss           0x0000000000000000        0x0 c:/st/stm32cubeide_1.2.0/stm32cubeide/plugins/com.st.stm32cube.ide.mcu.externaltools.gnu-tools-for-stm32.7-2018-q2-update.win32_1.0.0.201904181610/tools/bin/../lib/gcc/arm-none-eabi/7.3.1/../../../../arm-none-eabi/lib/crt0.o
 .ARM.extab     0x0000000000000000        0x0 c:/st/stm32cubeide_1.2.0/stm32cubeide/plugins/com.st.stm32cube.ide.mcu.externaltools.gnu-tools-for-stm32.7-2018-q2-update.win32_1.0.0.201904181610/tools/bin/../lib/gcc/arm-none-eabi/7.3.1/../../../../arm-none-eabi/lib/crt0.o
 .ARM.exidx     0x0000000000000000        0x8 c:/st/stm32cubeide_1.2.0/stm32cubeide/plugins/com.st.stm32cube.ide.mcu.externaltools.gnu-tools-for-stm32.7-2018-q2-update.win32_1.0.0.201904181610/tools/bin/../lib/gcc/arm-none-eabi/7.3.1/../../../../arm-none-eabi/lib/crt0.o
 .ARM.attributes
                0x0000000000000000       0x12 c:/st/stm32cubeide_1.2.0/stm32cubeide/plugins/com.st.stm32cube.ide.mcu.externaltools.gnu-tools-for-stm32.7-2018-q2-update.win32_1.0.0.201904181610/tools/bin/../lib/gcc/arm-none-eabi/7.3.1/../../../../arm-none-eabi/lib/crt0.o
 .text          0x0000000000000000       0x14 Startup/startup_stm32f446retx.o
 .data          0x0000000000000000        0x0 Startup/startup_stm32f446retx.o
 .bss           0x0000000000000000        0x0 Startup/startup_stm32f446retx.o
 .group         0x0000000000000000        0xc drivers/Src/stm32f446xx_gpio_driver.o
 .group         0x0000000000000000        0xc drivers/Src/stm32f446xx_gpio_driver.o
 .group         0x0000000000000000        0xc drivers/Src/stm32f446xx_gpio_driver.o
 .group         0x0000000000000000        0xc drivers/Src/stm32f446xx_gpio_driver.o
 .group         0x0000000000000000        0xc drivers/Src/stm32f446xx_gpio_driver.o
 .group         0x0000000000000000        0xc drivers/Src/stm32f446xx_gpio_driver.o
 .group         0x0000000000000000        0xc drivers/Src/stm32f446xx_gpio_driver.o
 .group         0x0000000000000000        0xc drivers/Src/stm32f446xx_gpio_driver.o
 .group         0x0000000000000000        0xc drivers/Src/stm32f446xx_gpio_driver.o
 .group         0x0000000000000000        0xc drivers/Src/stm32f446xx_gpio_driver.o
 .data          0x0000000000000000        0x0 drivers/Src/stm32f446xx_gpio_driver.o
 .bss           0x0000000000000000        0x0 drivers/Src/stm32f446xx_gpio_driver.o
 .group         0x0000000000000000        0xc drivers/Src/stm32f446xx_spi_driver.o
 .group         0x0000000000000000        0xc drivers/Src/stm32f446xx_spi_driver.o
 .group         0x0000000000000000        0xc drivers/Src/stm32f446xx_spi_driver.o
 .group         0x0000000000000000        0xc drivers/Src/stm32f446xx_spi_driver.o
 .group         0x0000000000000000        0xc drivers/Src/stm32f446xx_spi_driver.o
 .group         0x0000000000000000        0xc drivers/Src/stm32f446xx_spi_driver.o
 .group         0x0000000000000000        0xc drivers/Src/stm32f446xx_spi_driver.o
 .group         0x0000000000000000        0xc drivers/Src/stm32f446xx_spi_driver.o
 .group         0x0000000000000000        0xc drivers/Src/stm32f446xx_spi_driver.o
 .group         0x0000000000000000        0xc drivers/Src/stm32f446xx_spi_driver.o
 .data          0x0000000000000000        0x0 drivers/Src/stm32f446xx_spi_driver.o
 .bss           0x0000000000000000        0x0 drivers/Src/stm32f446xx_spi_driver.o
 .debug_macro   0x0000000000000000      0xa60 drivers/Src/stm32f446xx_spi_driver.o
 .debug_macro   0x0000000000000000       0x22 drivers/Src/stm32f446xx_spi_driver.o
 .debug_macro   0x0000000000000000       0x8e drivers/Src/stm32f446xx_spi_driver.o
 .debug_macro   0x0000000000000000       0x51 drivers/Src/stm32f446xx_spi_driver.o
 .debug_macro   0x0000000000000000       0xef drivers/Src/stm32f446xx_spi_driver.o
 .debug_macro   0x0000000000000000       0x6a drivers/Src/stm32f446xx_spi_driver.o
 .debug_macro   0x0000000000000000      0x1df drivers/Src/stm32f446xx_spi_driver.o
 .debug_macro   0x0000000000000000      0x444 drivers/Src/stm32f446xx_spi_driver.o
 .debug_macro   0x0000000000000000       0xc4 drivers/Src/stm32f446xx_spi_driver.o
 .debug_macro   0x0000000000000000       0x94 drivers/Src/stm32f446xx_spi_driver.o
 .group         0x0000000000000000        0xc src/006_spi1_tx_testing.o
 .group         0x0000000000000000        0xc src/006_spi1_tx_testing.o
 .group         0x0000000000000000        0xc src/006_spi1_tx_testing.o
 .group         0x0000000000000000        0xc src/006_spi1_tx_testing.o
 .group         0x0000000000000000        0xc src/006_spi1_tx_testing.o
 .group         0x0000000000000000        0xc src/006_spi1_tx_testing.o
 .group         0x0000000000000000        0xc src/006_spi1_tx_testing.o
 .group         0x0000000000000000        0xc src/006_spi1_tx_testing.o
 .group         0x0000000000000000        0xc src/006_spi1_tx_testing.o
 .group         0x0000000000000000        0xc src/006_spi1_tx_testing.o
 .group         0x0000000000000000        0xc src/006_spi1_tx_testing.o
 .group         0x0000000000000000        0xc src/006_spi1_tx_testing.o
 .group         0x0000000000000000        0xc src/006_spi1_tx_testing.o
 .group         0x0000000000000000        0xc src/006_spi1_tx_testing.o
 .group         0x0000000000000000        0xc src/006_spi1_tx_testing.o
 .group         0x0000000000000000        0xc src/006_spi1_tx_testing.o
 .group         0x0000000000000000        0xc src/006_spi1_tx_testing.o
 .group         0x0000000000000000        0xc src/006_spi1_tx_testing.o
 .group         0x0000000000000000        0xc src/006_spi1_tx_testing.o
 .group         0x0000000000000000        0xc src/006_spi1_tx_testing.o
 .group         0x0000000000000000        0xc src/006_spi1_tx_testing.o
 .group         0x0000000000000000        0xc src/006_spi1_tx_testing.o
 .group         0x0000000000000000        0xc src/006_spi1_tx_testing.o
 .group         0x0000000000000000        0xc src/006_spi1_tx_testing.o
 .group         0x0000000000000000        0xc src/006_spi1_tx_testing.o
 .group         0x0000000000000000        0xc src/006_spi1_tx_testing.o
 .group         0x0000000000000000        0xc src/006_spi1_tx_testing.o
 .group         0x0000000000000000        0xc src/006_spi1_tx_testing.o
 .group         0x0000000000000000        0xc src/006_spi1_tx_testing.o
 .group         0x0000000000000000        0xc src/006_spi1_tx_testing.o
 .group         0x0000000000000000        0xc src/006_spi1_tx_testing.o
 .group         0x0000000000000000        0xc src/006_spi1_tx_testing.o
 .group         0x0000000000000000        0xc src/006_spi1_tx_testing.o
 .group         0x0000000000000000        0xc src/006_spi1_tx_testing.o
 .group         0x0000000000000000        0xc src/006_spi1_tx_testing.o
 .group         0x0000000000000000        0xc src/006_spi1_tx_testing.o
 .group         0x0000000000000000        0xc src/006_spi1_tx_testing.o
 .data          0x0000000000000000        0x0 src/006_spi1_tx_testing.o
 .bss           0x0000000000000000        0x0 src/006_spi1_tx_testing.o
 .debug_macro   0x0000000000000000      0xa60 src/006_spi1_tx_testing.o
 .debug_macro   0x0000000000000000       0x22 src/006_spi1_tx_testing.o
 .debug_macro   0x0000000000000000       0x8e src/006_spi1_tx_testing.o
 .debug_macro   0x0000000000000000       0x51 src/006_spi1_tx_testing.o
 .debug_macro   0x0000000000000000       0xef src/006_spi1_tx_testing.o
 .debug_macro   0x0000000000000000       0x6a src/006_spi1_tx_testing.o
 .debug_macro   0x0000000000000000      0x1df src/006_spi1_tx_testing.o
 .debug_macro   0x0000000000000000      0x444 src/006_spi1_tx_testing.o
 .debug_macro   0x0000000000000000       0xc4 src/006_spi1_tx_testing.o
 .text          0x0000000000000000        0x0 c:/st/stm32cubeide_1.2.0/stm32cubeide/plugins/com.st.stm32cube.ide.mcu.externaltools.gnu-tools-for-stm32.7-2018-q2-update.win32_1.0.0.201904181610/tools/bin/../lib/gcc/arm-none-eabi/7.3.1/../../../../arm-none-eabi/lib\libc_nano.a(lib_a-exit.o)
 .data          0x0000000000000000        0x0 c:/st/stm32cubeide_1.2.0/stm32cubeide/plugins/com.st.stm32cube.ide.mcu.externaltools.gnu-tools-for-stm32.7-2018-q2-update.win32_1.0.0.201904181610/tools/bin/../lib/gcc/arm-none-eabi/7.3.1/../../../../arm-none-eabi/lib\libc_nano.a(lib_a-exit.o)
 .bss           0x0000000000000000        0x0 c:/st/stm32cubeide_1.2.0/stm32cubeide/plugins/com.st.stm32cube.ide.mcu.externaltools.gnu-tools-for-stm32.7-2018-q2-update.win32_1.0.0.201904181610/tools/bin/../lib/gcc/arm-none-eabi/7.3.1/../../../../arm-none-eabi/lib\libc_nano.a(lib_a-exit.o)
 .text.exit     0x0000000000000000       0x40 c:/st/stm32cubeide_1.2.0/stm32cubeide/plugins/com.st.stm32cube.ide.mcu.externaltools.gnu-tools-for-stm32.7-2018-q2-update.win32_1.0.0.201904181610/tools/bin/../lib/gcc/arm-none-eabi/7.3.1/../../../../arm-none-eabi/lib\libc_nano.a(lib_a-exit.o)
 .debug_frame   0x0000000000000000       0x28 c:/st/stm32cubeide_1.2.0/stm32cubeide/plugins/com.st.stm32cube.ide.mcu.externaltools.gnu-tools-for-stm32.7-2018-q2-update.win32_1.0.0.201904181610/tools/bin/../lib/gcc/arm-none-eabi/7.3.1/../../../../arm-none-eabi/lib\libc_nano.a(lib_a-exit.o)
 .ARM.attributes
                0x0000000000000000       0x30 c:/st/stm32cubeide_1.2.0/stm32cubeide/plugins/com.st.stm32cube.ide.mcu.externaltools.gnu-tools-for-stm32.7-2018-q2-update.win32_1.0.0.201904181610/tools/bin/../lib/gcc/arm-none-eabi/7.3.1/../../../../arm-none-eabi/lib\libc_nano.a(lib_a-exit.o)
 .text          0x0000000000000000        0x0 c:/st/stm32cubeide_1.2.0/stm32cubeide/plugins/com.st.stm32cube.ide.mcu.externaltools.gnu-tools-for-stm32.7-2018-q2-update.win32_1.0.0.201904181610/tools/bin/../lib/gcc/arm-none-eabi/7.3.1/../../../../arm-none-eabi/lib\libc_nano.a(lib_a-impure.o)
 .data          0x0000000000000000        0x0 c:/st/stm32cubeide_1.2.0/stm32cubeide/plugins/com.st.stm32cube.ide.mcu.externaltools.gnu-tools-for-stm32.7-2018-q2-update.win32_1.0.0.201904181610/tools/bin/../lib/gcc/arm-none-eabi/7.3.1/../../../../arm-none-eabi/lib\libc_nano.a(lib_a-impure.o)
 .bss           0x0000000000000000        0x0 c:/st/stm32cubeide_1.2.0/stm32cubeide/plugins/com.st.stm32cube.ide.mcu.externaltools.gnu-tools-for-stm32.7-2018-q2-update.win32_1.0.0.201904181610/tools/bin/../lib/gcc/arm-none-eabi/7.3.1/../../../../arm-none-eabi/lib\libc_nano.a(lib_a-impure.o)
 .data._impure_ptr
                0x0000000000000000        0x4 c:/st/stm32cubeide_1.2.0/stm32cubeide/plugins/com.st.stm32cube.ide.mcu.externaltools.gnu-tools-for-stm32.7-2018-q2-update.win32_1.0.0.201904181610/tools/bin/../lib/gcc/arm-none-eabi/7.3.1/../../../../arm-none-eabi/lib\libc_nano.a(lib_a-impure.o)
 .data.impure_data
                0x0000000000000000       0x60 c:/st/stm32cubeide_1.2.0/stm32cubeide/plugins/com.st.stm32cube.ide.mcu.externaltools.gnu-tools-for-stm32.7-2018-q2-update.win32_1.0.0.201904181610/tools/bin/../lib/gcc/arm-none-eabi/7.3.1/../../../../arm-none-eabi/lib\libc_nano.a(lib_a-impure.o)
 .rodata._global_impure_ptr
                0x0000000000000000        0x4 c:/st/stm32cubeide_1.2.0/stm32cubeide/plugins/com.st.stm32cube.ide.mcu.externaltools.gnu-tools-for-stm32.7-2018-q2-update.win32_1.0.0.201904181610/tools/bin/../lib/gcc/arm-none-eabi/7.3.1/../../../../arm-none-eabi/lib\libc_nano.a(lib_a-impure.o)
 .ARM.attributes
                0x0000000000000000       0x30 c:/st/stm32cubeide_1.2.0/stm32cubeide/plugins/com.st.stm32cube.ide.mcu.externaltools.gnu-tools-for-stm32.7-2018-q2-update.win32_1.0.0.201904181610/tools/bin/../lib/gcc/arm-none-eabi/7.3.1/../../../../arm-none-eabi/lib\libc_nano.a(lib_a-impure.o)
 .text          0x0000000000000000        0x0 c:/st/stm32cubeide_1.2.0/stm32cubeide/plugins/com.st.stm32cube.ide.mcu.externaltools.gnu-tools-for-stm32.7-2018-q2-update.win32_1.0.0.201904181610/tools/bin/../lib/gcc/arm-none-eabi/7.3.1/../../../../arm-none-eabi/lib\libc_nano.a(lib_a-init.o)
 .data          0x0000000000000000        0x0 c:/st/stm32cubeide_1.2.0/stm32cubeide/plugins/com.st.stm32cube.ide.mcu.externaltools.gnu-tools-for-stm32.7-2018-q2-update.win32_1.0.0.201904181610/tools/bin/../lib/gcc/arm-none-eabi/7.3.1/../../../../arm-none-eabi/lib\libc_nano.a(lib_a-init.o)
 .bss           0x0000000000000000        0x0 c:/st/stm32cubeide_1.2.0/stm32cubeide/plugins/com.st.stm32cube.ide.mcu.externaltools.gnu-tools-for-stm32.7-2018-q2-update.win32_1.0.0.201904181610/tools/bin/../lib/gcc/arm-none-eabi/7.3.1/../../../../arm-none-eabi/lib\libc_nano.a(lib_a-init.o)
 .text          0x0000000000000000        0x0 c:/st/stm32cubeide_1.2.0/stm32cubeide/plugins/com.st.stm32cube.ide.mcu.externaltools.gnu-tools-for-stm32.7-2018-q2-update.win32_1.0.0.201904181610/tools/bin/../lib/gcc/arm-none-eabi/7.3.1/../../../../arm-none-eabi/lib\libc_nano.a(lib_a-memset.o)
 .data          0x0000000000000000        0x0 c:/st/stm32cubeide_1.2.0/stm32cubeide/plugins/com.st.stm32cube.ide.mcu.externaltools.gnu-tools-for-stm32.7-2018-q2-update.win32_1.0.0.201904181610/tools/bin/../lib/gcc/arm-none-eabi/7.3.1/../../../../arm-none-eabi/lib\libc_nano.a(lib_a-memset.o)
 .bss           0x0000000000000000        0x0 c:/st/stm32cubeide_1.2.0/stm32cubeide/plugins/com.st.stm32cube.ide.mcu.externaltools.gnu-tools-for-stm32.7-2018-q2-update.win32_1.0.0.201904181610/tools/bin/../lib/gcc/arm-none-eabi/7.3.1/../../../../arm-none-eabi/lib\libc_nano.a(lib_a-memset.o)
 .text.memset   0x0000000000000000       0x18 c:/st/stm32cubeide_1.2.0/stm32cubeide/plugins/com.st.stm32cube.ide.mcu.externaltools.gnu-tools-for-stm32.7-2018-q2-update.win32_1.0.0.201904181610/tools/bin/../lib/gcc/arm-none-eabi/7.3.1/../../../../arm-none-eabi/lib\libc_nano.a(lib_a-memset.o)
 .debug_frame   0x0000000000000000       0x20 c:/st/stm32cubeide_1.2.0/stm32cubeide/plugins/com.st.stm32cube.ide.mcu.externaltools.gnu-tools-for-stm32.7-2018-q2-update.win32_1.0.0.201904181610/tools/bin/../lib/gcc/arm-none-eabi/7.3.1/../../../../arm-none-eabi/lib\libc_nano.a(lib_a-memset.o)
 .ARM.attributes
                0x0000000000000000       0x30 c:/st/stm32cubeide_1.2.0/stm32cubeide/plugins/com.st.stm32cube.ide.mcu.externaltools.gnu-tools-for-stm32.7-2018-q2-update.win32_1.0.0.201904181610/tools/bin/../lib/gcc/arm-none-eabi/7.3.1/../../../../arm-none-eabi/lib\libc_nano.a(lib_a-memset.o)
 .data          0x0000000000000000        0x0 c:/st/stm32cubeide_1.2.0/stm32cubeide/plugins/com.st.stm32cube.ide.mcu.externaltools.gnu-tools-for-stm32.7-2018-q2-update.win32_1.0.0.201904181610/tools/bin/../lib/gcc/arm-none-eabi/7.3.1/../../../../arm-none-eabi/lib\libc_nano.a(lib_a-strlen.o)
 .bss           0x0000000000000000        0x0 c:/st/stm32cubeide_1.2.0/stm32cubeide/plugins/com.st.stm32cube.ide.mcu.externaltools.gnu-tools-for-stm32.7-2018-q2-update.win32_1.0.0.201904181610/tools/bin/../lib/gcc/arm-none-eabi/7.3.1/../../../../arm-none-eabi/lib\libc_nano.a(lib_a-strlen.o)
 .text          0x0000000000000000        0x0 c:/st/stm32cubeide_1.2.0/stm32cubeide/plugins/com.st.stm32cube.ide.mcu.externaltools.gnu-tools-for-stm32.7-2018-q2-update.win32_1.0.0.201904181610/tools/bin/../lib/gcc/arm-none-eabi/7.3.1/../../../../arm-none-eabi/lib\libnosys.a(_exit.o)
 .data          0x0000000000000000        0x0 c:/st/stm32cubeide_1.2.0/stm32cubeide/plugins/com.st.stm32cube.ide.mcu.externaltools.gnu-tools-for-stm32.7-2018-q2-update.win32_1.0.0.201904181610/tools/bin/../lib/gcc/arm-none-eabi/7.3.1/../../../../arm-none-eabi/lib\libnosys.a(_exit.o)
 .bss           0x0000000000000000        0x0 c:/st/stm32cubeide_1.2.0/stm32cubeide/plugins/com.st.stm32cube.ide.mcu.externaltools.gnu-tools-for-stm32.7-2018-q2-update.win32_1.0.0.201904181610/tools/bin/../lib/gcc/arm-none-eabi/7.3.1/../../../../arm-none-eabi/lib\libnosys.a(_exit.o)
 .text._exit    0x0000000000000000        0x4 c:/st/stm32cubeide_1.2.0/stm32cubeide/plugins/com.st.stm32cube.ide.mcu.externaltools.gnu-tools-for-stm32.7-2018-q2-update.win32_1.0.0.201904181610/tools/bin/../lib/gcc/arm-none-eabi/7.3.1/../../../../arm-none-eabi/lib\libnosys.a(_exit.o)
 .debug_frame   0x0000000000000000       0x20 c:/st/stm32cubeide_1.2.0/stm32cubeide/plugins/com.st.stm32cube.ide.mcu.externaltools.gnu-tools-for-stm32.7-2018-q2-update.win32_1.0.0.201904181610/tools/bin/../lib/gcc/arm-none-eabi/7.3.1/../../../../arm-none-eabi/lib\libnosys.a(_exit.o)
 .ARM.attributes
                0x0000000000000000       0x30 c:/st/stm32cubeide_1.2.0/stm32cubeide/plugins/com.st.stm32cube.ide.mcu.externaltools.gnu-tools-for-stm32.7-2018-q2-update.win32_1.0.0.201904181610/tools/bin/../lib/gcc/arm-none-eabi/7.3.1/../../../../arm-none-eabi/lib\libnosys.a(_exit.o)
 .text          0x0000000000000000        0x0 c:/st/stm32cubeide_1.2.0/stm32cubeide/plugins/com.st.stm32cube.ide.mcu.externaltools.gnu-tools-for-stm32.7-2018-q2-update.win32_1.0.0.201904181610/tools/bin/../lib/gcc/arm-none-eabi/7.3.1/crtend.o
 .data          0x0000000000000000        0x0 c:/st/stm32cubeide_1.2.0/stm32cubeide/plugins/com.st.stm32cube.ide.mcu.externaltools.gnu-tools-for-stm32.7-2018-q2-update.win32_1.0.0.201904181610/tools/bin/../lib/gcc/arm-none-eabi/7.3.1/crtend.o
 .bss           0x0000000000000000        0x0 c:/st/stm32cubeide_1.2.0/stm32cubeide/plugins/com.st.stm32cube.ide.mcu.externaltools.gnu-tools-for-stm32.7-2018-q2-update.win32_1.0.0.201904181610/tools/bin/../lib/gcc/arm-none-eabi/7.3.1/crtend.o
 .eh_frame      0x0000000000000000        0x4 c:/st/stm32cubeide_1.2.0/stm32cubeide/plugins/com.st.stm32cube.ide.mcu.externaltools.gnu-tools-for-stm32.7-2018-q2-update.win32_1.0.0.201904181610/tools/bin/../lib/gcc/arm-none-eabi/7.3.1/crtend.o
 .ARM.attributes
                0x0000000000000000       0x30 c:/st/stm32cubeide_1.2.0/stm32cubeide/plugins/com.st.stm32cube.ide.mcu.externaltools.gnu-tools-for-stm32.7-2018-q2-update.win32_1.0.0.201904181610/tools/bin/../lib/gcc/arm-none-eabi/7.3.1/crtend.o
 .text          0x0000000000000000        0x0 c:/st/stm32cubeide_1.2.0/stm32cubeide/plugins/com.st.stm32cube.ide.mcu.externaltools.gnu-tools-for-stm32.7-2018-q2-update.win32_1.0.0.201904181610/tools/bin/../lib/gcc/arm-none-eabi/7.3.1/crtn.o
 .data          0x0000000000000000        0x0 c:/st/stm32cubeide_1.2.0/stm32cubeide/plugins/com.st.stm32cube.ide.mcu.externaltools.gnu-tools-for-stm32.7-2018-q2-update.win32_1.0.0.201904181610/tools/bin/../lib/gcc/arm-none-eabi/7.3.1/crtn.o
 .bss           0x0000000000000000        0x0 c:/st/stm32cubeide_1.2.0/stm32cubeide/plugins/com.st.stm32cube.ide.mcu.externaltools.gnu-tools-for-stm32.7-2018-q2-update.win32_1.0.0.201904181610/tools/bin/../lib/gcc/arm-none-eabi/7.3.1/crtn.o

Memory Configuration

Name             Origin             Length             Attributes
RAM              0x0000000020000000 0x0000000000020000 xrw
ROM              0x0000000008000000 0x0000000000080000 xr
*default*        0x0000000000000000 0xffffffffffffffff

Linker script and memory map

LOAD c:/st/stm32cubeide_1.2.0/stm32cubeide/plugins/com.st.stm32cube.ide.mcu.externaltools.gnu-tools-for-stm32.7-2018-q2-update.win32_1.0.0.201904181610/tools/bin/../lib/gcc/arm-none-eabi/7.3.1/crti.o
LOAD c:/st/stm32cubeide_1.2.0/stm32cubeide/plugins/com.st.stm32cube.ide.mcu.externaltools.gnu-tools-for-stm32.7-2018-q2-update.win32_1.0.0.201904181610/tools/bin/../lib/gcc/arm-none-eabi/7.3.1/crtbegin.o
LOAD c:/st/stm32cubeide_1.2.0/stm32cubeide/plugins/com.st.stm32cube.ide.mcu.externaltools.gnu-tools-for-stm32.7-2018-q2-update.win32_1.0.0.201904181610/tools/bin/../lib/gcc/arm-none-eabi/7.3.1/../../../../arm-none-eabi/lib/crt0.o
LOAD Startup/startup_stm32f446retx.o
LOAD drivers/Src/stm32f446xx_gpio_driver.o
LOAD drivers/Src/stm32f446xx_spi_driver.o
LOAD src/006_spi1_tx_testing.o
START GROUP
LOAD c:/st/stm32cubeide_1.2.0/stm32cubeide/plugins/com.st.stm32cube.ide.mcu.externaltools.gnu-tools-for-stm32.7-2018-q2-update.win32_1.0.0.201904181610/tools/bin/../lib/gcc/arm-none-eabi/7.3.1/../../../../arm-none-eabi/lib\libc_nano.a
LOAD c:/st/stm32cubeide_1.2.0/stm32cubeide/plugins/com.st.stm32cube.ide.mcu.externaltools.gnu-tools-for-stm32.7-2018-q2-update.win32_1.0.0.201904181610/tools/bin/../lib/gcc/arm-none-eabi/7.3.1/../../../../arm-none-eabi/lib\libm.a
END GROUP
START GROUP
LOAD c:/st/stm32cubeide_1.2.0/stm32cubeide/plugins/com.st.stm32cube.ide.mcu.externaltools.gnu-tools-for-stm32.7-2018-q2-update.win32_1.0.0.201904181610/tools/bin/../lib/gcc/arm-none-eabi/7.3.1\libgcc.a
LOAD c:/st/stm32cubeide_1.2.0/stm32cubeide/plugins/com.st.stm32cube.ide.mcu.externaltools.gnu-tools-for-stm32.7-2018-q2-update.win32_1.0.0.201904181610/tools/bin/../lib/gcc/arm-none-eabi/7.3.1/../../../../arm-none-eabi/lib\libc_nano.a
END GROUP
START GROUP
LOAD c:/st/stm32cubeide_1.2.0/stm32cubeide/plugins/com.st.stm32cube.ide.mcu.externaltools.gnu-tools-for-stm32.7-2018-q2-update.win32_1.0.0.201904181610/tools/bin/../lib/gcc/arm-none-eabi/7.3.1\libgcc.a
LOAD c:/st/stm32cubeide_1.2.0/stm32cubeide/plugins/com.st.stm32cube.ide.mcu.externaltools.gnu-tools-for-stm32.7-2018-q2-update.win32_1.0.0.201904181610/tools/bin/../lib/gcc/arm-none-eabi/7.3.1/../../../../arm-none-eabi/lib\libc_nano.a
LOAD c:/st/stm32cubeide_1.2.0/stm32cubeide/plugins/com.st.stm32cube.ide.mcu.externaltools.gnu-tools-for-stm32.7-2018-q2-update.win32_1.0.0.201904181610/tools/bin/../lib/gcc/arm-none-eabi/7.3.1/../../../../arm-none-eabi/lib\libnosys.a
END GROUP
START GROUP
LOAD c:/st/stm32cubeide_1.2.0/stm32cubeide/plugins/com.st.stm32cube.ide.mcu.externaltools.gnu-tools-for-stm32.7-2018-q2-update.win32_1.0.0.201904181610/tools/bin/../lib/gcc/arm-none-eabi/7.3.1\libgcc.a
LOAD c:/st/stm32cubeide_1.2.0/stm32cubeide/plugins/com.st.stm32cube.ide.mcu.externaltools.gnu-tools-for-stm32.7-2018-q2-update.win32_1.0.0.201904181610/tools/bin/../lib/gcc/arm-none-eabi/7.3.1/../../../../arm-none-eabi/lib\libc_nano.a
LOAD c:/st/stm32cubeide_1.2.0/stm32cubeide/plugins/com.st.stm32cube.ide.mcu.externaltools.gnu-tools-for-stm32.7-2018-q2-update.win32_1.0.0.201904181610/tools/bin/../lib/gcc/arm-none-eabi/7.3.1/../../../../arm-none-eabi/lib\libnosys.a
END GROUP
LOAD c:/st/stm32cubeide_1.2.0/stm32cubeide/plugins/com.st.stm32cube.ide.mcu.externaltools.gnu-tools-for-stm32.7-2018-q2-update.win32_1.0.0.201904181610/tools/bin/../lib/gcc/arm-none-eabi/7.3.1/crtend.o
LOAD c:/st/stm32cubeide_1.2.0/stm32cubeide/plugins/com.st.stm32cube.ide.mcu.externaltools.gnu-tools-for-stm32.7-2018-q2-update.win32_1.0.0.201904181610/tools/bin/../lib/gcc/arm-none-eabi/7.3.1/crtn.o
                0x0000000020020000                _estack = (ORIGIN (RAM) + LENGTH (RAM))
                0x0000000000000200                _Min_Heap_Size = 0x200
                0x0000000000000400                _Min_Stack_Size = 0x400

.isr_vector     0x0000000008000000      0x1c4
                0x0000000008000000                . = ALIGN (0x4)
 *(.isr_vector)
 .isr_vector    0x0000000008000000      0x1c4 Startup/startup_stm32f446retx.o
                0x0000000008000000                g_pfnVectors
                0x00000000080001c4                . = ALIGN (0x4)

.text           0x00000000080001c4      0xe34
                0x00000000080001c4                . = ALIGN (0x4)
 *(.text)
 .text          0x00000000080001c4       0x70 c:/st/stm32cubeide_1.2.0/stm32cubeide/plugins/com.st.stm32cube.ide.mcu.externaltools.gnu-tools-for-stm32.7-2018-q2-update.win32_1.0.0.201904181610/tools/bin/../lib/gcc/arm-none-eabi/7.3.1/crtbegin.o
 .text          0x0000000008000234      0x874 drivers/Src/stm32f446xx_gpio_driver.o
                0x0000000008000234                GPIO_PeriClockControl
                0x00000000080003d4                GPIO_Init
                0x00000000080006f8                GPIO_DeInit
                0x000000000800083c                GPIO_ReadFromInputPin
                0x0000000008000866                GPIO_ReadFromInputPort
                0x0000000008000880                GPIO_WriteToOutputPin
                0x00000000080008c8                GPIO_WriteToOutputPort
                0x00000000080008e4                GPIO_ToggleOutputPin
                0x000000000800090c                GPIO_IRQInterruptConfig
                0x0000000008000a10                GPIO_IRQPriorityConfig
                0x0000000008000a6a                GPIO_IRQHandling
 .text          0x0000000008000aa8      0x364 drivers/Src/stm32f446xx_spi_driver.o
                0x0000000008000aa8                SPI_PeriClockControl
                0x0000000008000b58                SPI_Init
                0x0000000008000bf8                SPI_DeInit
                0x0000000008000c80                SPI_GetFlagStatus
                0x0000000008000ca6                SPI_SendData
                0x0000000008000d12                SPI_RecieveData
                0x0000000008000d28                SPI_PeripheralControl
                0x0000000008000d5e                SPI_SSIConfig
                0x0000000008000d94                SPI_SSOEConfig
                0x0000000008000dca                SPI_IRQInterruptConfig
                0x0000000008000de4                SPI_IRQPriorityConfig
                0x0000000008000dfa                SPI_IRQHandling
 .text          0x0000000008000e0c       0xd0 src/006_spi1_tx_testing.o
                0x0000000008000e0c                SPI1_GPIOInits
                0x0000000008000e50                SPI1_Inits
                0x0000000008000e8c                main
 .text          0x0000000008000edc        0xe c:/st/stm32cubeide_1.2.0/stm32cubeide/plugins/com.st.stm32cube.ide.mcu.externaltools.gnu-tools-for-stm32.7-2018-q2-update.win32_1.0.0.201904181610/tools/bin/../lib/gcc/arm-none-eabi/7.3.1/../../../../arm-none-eabi/lib\libc_nano.a(lib_a-strlen.o)
                0x0000000008000edc                strlen
 *(.text*)
 *fill*         0x0000000008000eea        0x2 
 .text.Reset_Handler
                0x0000000008000eec       0x50 Startup/startup_stm32f446retx.o
                0x0000000008000eec                Reset_Handler
 .text.Default_Handler
                0x0000000008000f3c        0x2 Startup/startup_stm32f446retx.o
                0x0000000008000f3c                RTC_Alarm_IRQHandler
                0x0000000008000f3c                EXTI2_IRQHandler
                0x0000000008000f3c                TIM8_CC_IRQHandler
                0x0000000008000f3c                SPDIF_Rx_IRQHandler
                0x0000000008000f3c                DebugMon_Handler
                0x0000000008000f3c                SPI4_IRQHandler
                0x0000000008000f3c                TIM1_CC_IRQHandler
                0x0000000008000f3c                QuadSPI_IRQHandler
                0x0000000008000f3c                DMA2_Stream5_IRQHandler
                0x0000000008000f3c                HardFault_Handler
                0x0000000008000f3c                DMA1_Stream5_IRQHandler
                0x0000000008000f3c                SysTick_Handler
                0x0000000008000f3c                PVD_IRQHandler
                0x0000000008000f3c                SDIO_IRQHandler
                0x0000000008000f3c                TAMP_STAMP_IRQHandler
                0x0000000008000f3c                PendSV_Handler
                0x0000000008000f3c                NMI_Handler
                0x0000000008000f3c                CAN2_RX1_IRQHandler
                0x0000000008000f3c                EXTI3_IRQHandler
                0x0000000008000f3c                TIM8_TRG_COM_TIM14_IRQHandler
                0x0000000008000f3c                TIM1_UP_TIM10_IRQHandler
                0x0000000008000f3c                FMPI2C1_error_IRQHandler
                0x0000000008000f3c                TIM8_UP_TIM13_IRQHandler
                0x0000000008000f3c                I2C3_ER_IRQHandler
                0x0000000008000f3c                EXTI0_IRQHandler
                0x0000000008000f3c                I2C2_EV_IRQHandler
                0x0000000008000f3c                DMA1_Stream2_IRQHandler
                0x0000000008000f3c                CAN1_RX0_IRQHandler
                0x0000000008000f3c                FPU_IRQHandler
                0x0000000008000f3c                OTG_HS_WKUP_IRQHandler
                0x0000000008000f3c                UsageFault_Handler
                0x0000000008000f3c                CAN2_SCE_IRQHandler
                0x0000000008000f3c                DMA2_Stream2_IRQHandler
                0x0000000008000f3c                SPI1_IRQHandler
                0x0000000008000f3c                TIM6_DAC_IRQHandler
                0x0000000008000f3c                TIM1_BRK_TIM9_IRQHandler
                0x0000000008000f3c                DCMI_IRQHandler
                0x0000000008000f3c                CAN2_RX0_IRQHandler
                0x0000000008000f3c                DMA2_Stream3_IRQHandler
                0x0000000008000f3c                FMPI2C1_IRQHandler
                0x0000000008000f3c                SAI2_IRQHandler
                0x0000000008000f3c                USART6_IRQHandler
                0x0000000008000f3c                USART3_IRQHandler
                0x0000000008000f3c                CAN1_RX1_IRQHandler
                0x0000000008000f3c                UART5_IRQHandler
                0x0000000008000f3c                DMA2_Stream0_IRQHandler
                0x0000000008000f3c                TIM4_IRQHandler
                0x0000000008000f3c                I2C1_EV_IRQHandler
                0x0000000008000f3c                HDMI_CEC_IRQHandler
                0x0000000008000f3c                DMA1_Stream6_IRQHandler
                0x0000000008000f3c                DMA1_Stream1_IRQHandler
                0x0000000008000f3c                UART4_IRQHandler
                0x0000000008000f3c                TIM3_IRQHandler
                0x0000000008000f3c                RCC_IRQHandler
                0x0000000008000f3c                TIM8_BRK_TIM12_IRQHandler
                0x0000000008000f3c                Default_Handler
                0x0000000008000f3c                EXTI15_10_IRQHandler
                0x0000000008000f3c                ADC_IRQHandler
                0x0000000008000f3c                DMA1_Stream7_IRQHandler
                0x0000000008000f3c                TIM7_IRQHandler
                0x0000000008000f3c                CAN2_TX_IRQHandler
                0x0000000008000f3c                TIM5_IRQHandler
                0x0000000008000f3c                DMA2_Stream7_IRQHandler
                0x0000000008000f3c                I2C3_EV_IRQHandler
                0x0000000008000f3c                EXTI9_5_IRQHandler
                0x0000000008000f3c                RTC_WKUP_IRQHandler
                0x0000000008000f3c                SPI2_IRQHandler
                0x0000000008000f3c                OTG_HS_EP1_IN_IRQHandler
                0x0000000008000f3c                MemManage_Handler
                0x0000000008000f3c                DMA1_Stream0_IRQHandler
                0x0000000008000f3c                CAN1_TX_IRQHandler
                0x0000000008000f3c                SVC_Handler
                0x0000000008000f3c                EXTI4_IRQHandler
                0x0000000008000f3c                OTG_HS_EP1_OUT_IRQHandler
                0x0000000008000f3c                WWDG_IRQHandler
                0x0000000008000f3c                TIM2_IRQHandler
                0x0000000008000f3c                OTG_FS_WKUP_IRQHandler
                0x0000000008000f3c                TIM1_TRG_COM_TIM11_IRQHandler
                0x0000000008000f3c                OTG_HS_IRQHandler
                0x0000000008000f3c                EXTI1_IRQHandler
                0x0000000008000f3c                USART2_IRQHandler
                0x0000000008000f3c                I2C2_ER_IRQHandler
                0x0000000008000f3c                DMA2_Stream1_IRQHandler
                0x0000000008000f3c                CAN1_SCE_IRQHandler
                0x0000000008000f3c                FLASH_IRQHandler
                0x0000000008000f3c                DMA2_Stream4_IRQHandler
                0x0000000008000f3c                BusFault_Handler
                0x0000000008000f3c                USART1_IRQHandler
                0x0000000008000f3c                OTG_FS_IRQHandler
                0x0000000008000f3c                SPI3_IRQHandler
                0x0000000008000f3c                DMA1_Stream4_IRQHandler
                0x0000000008000f3c                I2C1_ER_IRQHandler
                0x0000000008000f3c                FMC_IRQHandler
                0x0000000008000f3c                DMA2_Stream6_IRQHandler
                0x0000000008000f3c                SAI1_IRQHandler
                0x0000000008000f3c                DMA1_Stream3_IRQHandler
 *fill*         0x0000000008000f3e        0x2 
 .text.__libc_init_array
                0x0000000008000f40       0x88 c:/st/stm32cubeide_1.2.0/stm32cubeide/plugins/com.st.stm32cube.ide.mcu.externaltools.gnu-tools-for-stm32.7-2018-q2-update.win32_1.0.0.201904181610/tools/bin/../lib/gcc/arm-none-eabi/7.3.1/../../../../arm-none-eabi/lib\libc_nano.a(lib_a-init.o)
                0x0000000008000f40                __libc_init_array
 *(.glue_7)
 .glue_7        0x0000000008000fc8        0x0 linker stubs
 *(.glue_7t)
 .glue_7t       0x0000000008000fc8        0x0 linker stubs
 *(.eh_frame)
 .eh_frame      0x0000000008000fc8        0x0 c:/st/stm32cubeide_1.2.0/stm32cubeide/plugins/com.st.stm32cube.ide.mcu.externaltools.gnu-tools-for-stm32.7-2018-q2-update.win32_1.0.0.201904181610/tools/bin/../lib/gcc/arm-none-eabi/7.3.1/crtbegin.o
 *(.init)
 .init          0x0000000008000fc8        0xc c:/st/stm32cubeide_1.2.0/stm32cubeide/plugins/com.st.stm32cube.ide.mcu.externaltools.gnu-tools-for-stm32.7-2018-q2-update.win32_1.0.0.201904181610/tools/bin/../lib/gcc/arm-none-eabi/7.3.1/crti.o
                0x0000000008000fc8                _init
 .init          0x0000000008000fd4        0xc c:/st/stm32cubeide_1.2.0/stm32cubeide/plugins/com.st.stm32cube.ide.mcu.externaltools.gnu-tools-for-stm32.7-2018-q2-update.win32_1.0.0.201904181610/tools/bin/../lib/gcc/arm-none-eabi/7.3.1/crtn.o
 *(.fini)
 .fini          0x0000000008000fe0        0xc c:/st/stm32cubeide_1.2.0/stm32cubeide/plugins/com.st.stm32cube.ide.mcu.externaltools.gnu-tools-for-stm32.7-2018-q2-update.win32_1.0.0.201904181610/tools/bin/../lib/gcc/arm-none-eabi/7.3.1/crti.o
                0x0000000008000fe0                _fini
 .fini          0x0000000008000fec        0xc c:/st/stm32cubeide_1.2.0/stm32cubeide/plugins/com.st.stm32cube.ide.mcu.externaltools.gnu-tools-for-stm32.7-2018-q2-update.win32_1.0.0.201904181610/tools/bin/../lib/gcc/arm-none-eabi/7.3.1/crtn.o
                0x0000000008000ff8                . = ALIGN (0x4)
                0x0000000008000ff8                _etext = .

.vfp11_veneer   0x0000000008000ff8        0x0
 .vfp11_veneer  0x0000000008000ff8        0x0 linker stubs

.v4_bx          0x0000000008000ff8        0x0
 .v4_bx         0x0000000008000ff8        0x0 linker stubs

.iplt           0x0000000008000ff8        0x0
 .iplt          0x0000000008000ff8        0x0 c:/st/stm32cubeide_1.2.0/stm32cubeide/plugins/com.st.stm32cube.ide.mcu.externaltools.gnu-tools-for-stm32.7-2018-q2-update.win32_1.0.0.201904181610/tools/bin/../lib/gcc/arm-none-eabi/7.3.1/crtbegin.o

.rodata         0x0000000008000ff8        0xc
                0x0000000008000ff8                . = ALIGN (0x4)
 *(.rodata)
 .rodata        0x0000000008000ff8        0xc src/006_spi1_tx_testing.o
 *(.rodata*)
                0x0000000008001004                . = ALIGN (0x4)

.rel.dyn        0x0000000008001004        0x0
 .rel.iplt      0x0000000008001004        0x0 c:/st/stm32cubeide_1.2.0/stm32cubeide/plugins/com.st.stm32cube.ide.mcu.externaltools.gnu-tools-for-stm32.7-2018-q2-update.win32_1.0.0.201904181610/tools/bin/../lib/gcc/arm-none-eabi/7.3.1/crtbegin.o

.ARM.extab      0x0000000008001004        0x0
                0x0000000008001004                . = ALIGN (0x4)
 *(.ARM.extab* .gnu.linkonce.armextab.*)
                0x0000000008001004                . = ALIGN (0x4)

.ARM            0x0000000008001004        0x0
                0x0000000008001004                . = ALIGN (0x4)
                0x0000000008001004                __exidx_start = .
 *(.ARM.exidx*)
                0x0000000008001004                __exidx_end = .
                0x0000000008001004                . = ALIGN (0x4)

.preinit_array  0x0000000008001004        0x0
                0x0000000008001004                . = ALIGN (0x4)
                0x0000000008001004                PROVIDE (__preinit_array_start = .)
 *(.preinit_array*)
                0x0000000008001004                PROVIDE (__preinit_array_end = .)
                0x0000000008001004                . = ALIGN (0x4)

.init_array     0x0000000008001004        0x4
                0x0000000008001004                . = ALIGN (0x4)
                0x0000000008001004                PROVIDE (__init_array_start = .)
 *(SORT_BY_NAME(.init_array.*))
 *(.init_array*)
 .init_array    0x0000000008001004        0x4 c:/st/stm32cubeide_1.2.0/stm32cubeide/plugins/com.st.stm32cube.ide.mcu.externaltools.gnu-tools-for-stm32.7-2018-q2-update.win32_1.0.0.201904181610/tools/bin/../lib/gcc/arm-none-eabi/7.3.1/crtbegin.o
                0x0000000008001008                PROVIDE (__init_array_end = .)
                0x0000000008001008                . = ALIGN (0x4)

.fini_array     0x0000000008001008        0x4
                0x0000000008001008                . = ALIGN (0x4)
                [!provide]                        PROVIDE (__fini_array_start = .)
 *(SORT_BY_NAME(.fini_array.*))
 *(.fini_array*)
 .fini_array    0x0000000008001008        0x4 c:/st/stm32cubeide_1.2.0/stm32cubeide/plugins/com.st.stm32cube.ide.mcu.externaltools.gnu-tools-for-stm32.7-2018-q2-update.win32_1.0.0.201904181610/tools/bin/../lib/gcc/arm-none-eabi/7.3.1/crtbegin.o
                [!provide]                        PROVIDE (__fini_array_end = .)
                0x000000000800100c                . = ALIGN (0x4)
                0x000000000800100c                _sidata = LOADADDR (.data)

.data           0x0000000020000000        0x0 load address 0x000000000800100c
                0x0000000020000000                . = ALIGN (0x4)
                0x0000000020000000                _sdata = .
 *(.data)
 *(.data*)
                0x0000000020000000                . = ALIGN (0x4)
                0x0000000020000000                _edata = .

.igot.plt       0x0000000020000000        0x0 load address 0x000000000800100c
 .igot.plt      0x0000000020000000        0x0 c:/st/stm32cubeide_1.2.0/stm32cubeide/plugins/com.st.stm32cube.ide.mcu.externaltools.gnu-tools-for-stm32.7-2018-q2-update.win32_1.0.0.201904181610/tools/bin/../lib/gcc/arm-none-eabi/7.3.1/crtbegin.o
                0x0000000020000000                . = ALIGN (0x4)

.bss            0x0000000020000000       0x1c load address 0x000000000800100c
                0x0000000020000000                _sbss = .
                0x0000000020000000                __bss_start__ = _sbss
 *(.bss)
 .bss           0x0000000020000000       0x1c c:/st/stm32cubeide_1.2.0/stm32cubeide/plugins/com.st.stm32cube.ide.mcu.externaltools.gnu-tools-for-stm32.7-2018-q2-update.win32_1.0.0.201904181610/tools/bin/../lib/gcc/arm-none-eabi/7.3.1/crtbegin.o
 *(.bss*)
 *(COMMON)
                0x000000002000001c                . = ALIGN (0x4)
                0x000000002000001c                _ebss = .
                0x000000002000001c                __bss_end__ = _ebss

._user_heap_stack
                0x000000002000001c      0x604 load address 0x000000000800100c
                0x0000000020000020                . = ALIGN (0x8)
 *fill*         0x000000002000001c        0x4 
                [!provide]                        PROVIDE (end = .)
                [!provide]                        PROVIDE (_end = .)
                0x0000000020000220                . = (. + _Min_Heap_Size)
 *fill*         0x0000000020000020      0x200 
                0x0000000020000620                . = (. + _Min_Stack_Size)
 *fill*         0x0000000020000220      0x400 
                0x0000000020000620                . = ALIGN (0x8)

/DISCARD/
 libc.a(*)
 libm.a(*)
 libgcc.a(*)

.ARM.attributes
                0x0000000000000000       0x31
 *(.ARM.attributes)
 .ARM.attributes
                0x0000000000000000       0x14 c:/st/stm32cubeide_1.2.0/stm32cubeide/plugins/com.st.stm32cube.ide.mcu.externaltools.gnu-tools-for-stm32.7-2018-q2-update.win32_1.0.0.201904181610/tools/bin/../lib/gcc/arm-none-eabi/7.3.1/crti.o
 .ARM.attributes
                0x0000000000000014       0x30 c:/st/stm32cubeide_1.2.0/stm32cubeide/plugins/com.st.stm32cube.ide.mcu.externaltools.gnu-tools-for-stm32.7-2018-q2-update.win32_1.0.0.201904181610/tools/bin/../lib/gcc/arm-none-eabi/7.3.1/crtbegin.o
 .ARM.attributes
                0x0000000000000044       0x21 Startup/startup_stm32f446retx.o
 .ARM.attributes
                0x0000000000000065       0x33 drivers/Src/stm32f446xx_gpio_driver.o
 .ARM.attributes
                0x0000000000000098       0x33 drivers/Src/stm32f446xx_spi_driver.o
 .ARM.attributes
                0x00000000000000cb       0x33 src/006_spi1_tx_testing.o
 .ARM.attributes
                0x00000000000000fe       0x30 c:/st/stm32cubeide_1.2.0/stm32cubeide/plugins/com.st.stm32cube.ide.mcu.externaltools.gnu-tools-for-stm32.7-2018-q2-update.win32_1.0.0.201904181610/tools/bin/../lib/gcc/arm-none-eabi/7.3.1/../../../../arm-none-eabi/lib\libc_nano.a(lib_a-init.o)
 .ARM.attributes
                0x000000000000012e       0x1c c:/st/stm32cubeide_1.2.0/stm32cubeide/plugins/com.st.stm32cube.ide.mcu.externaltools.gnu-tools-for-stm32.7-2018-q2-update.win32_1.0.0.201904181610/tools/bin/../lib/gcc/arm-none-eabi/7.3.1/../../../../arm-none-eabi/lib\libc_nano.a(lib_a-strlen.o)
 .ARM.attributes
                0x000000000000014a       0x18 c:/st/stm32cubeide_1.2.0/stm32cubeide/plugins/com.st.stm32cube.ide.mcu.externaltools.gnu-tools-for-stm32.7-2018-q2-update.win32_1.0.0.201904181610/tools/bin/../lib/gcc/arm-none-eabi/7.3.1/crtn.o
OUTPUT(stm32f4xx_drivers.elf elf32-littlearm)

.debug_line     0x0000000000000000     0x115c
 .debug_line    0x0000000000000000       0x84 Startup/startup_stm32f446retx.o
 .debug_line    0x0000000000000084      0x5c5 drivers/Src/stm32f446xx_gpio_driver.o
 .debug_line    0x0000000000000649      0x4b8 drivers/Src/stm32f446xx_spi_driver.o
 .debug_line    0x0000000000000b01      0x65b src/006_spi1_tx_testing.o

.debug_info     0x0000000000000000     0x18d0
 .debug_info    0x0000000000000000       0x22 Startup/startup_stm32f446retx.o
 .debug_info    0x0000000000000022      0x741 drivers/Src/stm32f446xx_gpio_driver.o
 .debug_info    0x0000000000000763      0x5fc drivers/Src/stm32f446xx_spi_driver.o
 .debug_info    0x0000000000000d5f      0xb71 src/006_spi1_tx_testing.o

.debug_abbrev   0x0000000000000000      0x45f
 .debug_abbrev  0x0000000000000000       0x12 Startup/startup_stm32f446retx.o
 .debug_abbrev  0x0000000000000012      0x159 drivers/Src/stm32f446xx_gpio_driver.o
 .debug_abbrev  0x000000000000016b      0x145 drivers/Src/stm32f446xx_spi_driver.o
 .debug_abbrev  0x00000000000002b0      0x1af src/006_spi1_tx_testing.o

.debug_aranges  0x0000000000000000       0x88
 .debug_aranges
                0x0000000000000000       0x28 Startup/startup_stm32f446retx.o
 .debug_aranges
                0x0000000000000028       0x20 drivers/Src/stm32f446xx_gpio_driver.o
 .debug_aranges
                0x0000000000000048       0x20 drivers/Src/stm32f446xx_spi_driver.o
 .debug_aranges
                0x0000000000000068       0x20 src/006_spi1_tx_testing.o

.debug_str      0x0000000000000000     0xa0e2
 .debug_str     0x0000000000000000       0x79 Startup/startup_stm32f446retx.o
 .debug_str     0x0000000000000079     0x5a9e drivers/Src/stm32f446xx_gpio_driver.o
                                       0x5c75 (size before relaxing)
 .debug_str     0x0000000000005b17      0x1c5 drivers/Src/stm32f446xx_spi_driver.o
                                       0x5bd4 (size before relaxing)
 .debug_str     0x0000000000005cdc     0x4406 src/006_spi1_tx_testing.o
                                       0x9f08 (size before relaxing)

.debug_ranges   0x0000000000000000       0x20
 .debug_ranges  0x0000000000000000       0x20 Startup/startup_stm32f446retx.o

.debug_macro    0x0000000000000000     0x2431
 .debug_macro   0x0000000000000000       0x9a drivers/Src/stm32f446xx_gpio_driver.o
 .debug_macro   0x000000000000009a      0xa60 drivers/Src/stm32f446xx_gpio_driver.o
 .debug_macro   0x0000000000000afa       0x22 drivers/Src/stm32f446xx_gpio_driver.o
 .debug_macro   0x0000000000000b1c       0x8e drivers/Src/stm32f446xx_gpio_driver.o
 .debug_macro   0x0000000000000baa       0x51 drivers/Src/stm32f446xx_gpio_driver.o
 .debug_macro   0x0000000000000bfb       0xef drivers/Src/stm32f446xx_gpio_driver.o
 .debug_macro   0x0000000000000cea       0x6a drivers/Src/stm32f446xx_gpio_driver.o
 .debug_macro   0x0000000000000d54      0x1df drivers/Src/stm32f446xx_gpio_driver.o
 .debug_macro   0x0000000000000f33      0x444 drivers/Src/stm32f446xx_gpio_driver.o
 .debug_macro   0x0000000000001377       0x94 drivers/Src/stm32f446xx_gpio_driver.o
 .debug_macro   0x000000000000140b       0xc4 drivers/Src/stm32f446xx_gpio_driver.o
 .debug_macro   0x00000000000014cf       0x9a drivers/Src/stm32f446xx_spi_driver.o
 .debug_macro   0x0000000000001569      0x21b src/006_spi1_tx_testing.o
 .debug_macro   0x0000000000001784       0x9a src/006_spi1_tx_testing.o
 .debug_macro   0x000000000000181e       0x46 src/006_spi1_tx_testing.o
 .debug_macro   0x0000000000001864       0x18 src/006_spi1_tx_testing.o
 .debug_macro   0x000000000000187c       0x3c src/006_spi1_tx_testing.o
 .debug_macro   0x00000000000018b8       0x34 src/006_spi1_tx_testing.o
 .debug_macro   0x00000000000018ec      0x174 src/006_spi1_tx_testing.o
 .debug_macro   0x0000000000001a60       0x52 src/006_spi1_tx_testing.o
 .debug_macro   0x0000000000001ab2       0x1f src/006_spi1_tx_testing.o
 .debug_macro   0x0000000000001ad1       0x43 src/006_spi1_tx_testing.o
 .debug_macro   0x0000000000001b14       0x20 src/006_spi1_tx_testing.o
 .debug_macro   0x0000000000001b34      0x1a3 src/006_spi1_tx_testing.o
 .debug_macro   0x0000000000001cd7      0x330 src/006_spi1_tx_testing.o
 .debug_macro   0x0000000000002007       0x10 src/006_spi1_tx_testing.o
 .debug_macro   0x0000000000002017       0x35 src/006_spi1_tx_testing.o
 .debug_macro   0x000000000000204c       0x20 src/006_spi1_tx_testing.o
 .debug_macro   0x000000000000206c       0x1c src/006_spi1_tx_testing.o
 .debug_macro   0x0000000000002088       0x10 src/006_spi1_tx_testing.o
 .debug_macro   0x0000000000002098       0x10 src/006_spi1_tx_testing.o
 .debug_macro   0x00000000000020a8       0x1c src/006_spi1_tx_testing.o
 .debug_macro   0x00000000000020c4       0x52 src/006_spi1_tx_testing.o
 .debug_macro   0x0000000000002116       0x40 src/006_spi1_tx_testing.o
 .debug_macro   0x0000000000002156       0x10 src/006_spi1_tx_testing.o
 .debug_macro   0x0000000000002166       0x40 src/006_spi1_tx_testing.o
 .debug_macro   0x00000000000021a6       0xd7 src/006_spi1_tx_testing.o
 .debug_macro   0x000000000000227d       0x1c src/006_spi1_tx_testing.o
 .debug_macro   0x0000000000002299       0x3d src/006_spi1_tx_testing.o
 .debug_macro   0x00000000000022d6       0x16 src/006_spi1_tx_testing.o
 .debug_macro   0x00000000000022ec      0x145 src/006_spi1_tx_testing.o

.comment        0x0000000000000000       0x7b
 .comment       0x0000000000000000       0x7b drivers/Src/stm32f446xx_gpio_driver.o
                                         0x7c (size before relaxing)
 .comment       0x000000000000007b       0x7c drivers/Src/stm32f446xx_spi_driver.o
 .comment       0x000000000000007b       0x7c src/006_spi1_tx_testing.o

.debug_frame    0x0000000000000000      0x460
 .debug_frame   0x0000000000000000      0x1c8 drivers/Src/stm32f446xx_gpio_driver.o
 .debug_frame   0x00000000000001c8      0x1e8 drivers/Src/stm32f446xx_spi_driver.o
 .debug_frame   0x00000000000003b0       0x78 src/006_spi1_tx_testing.o
 .debug_frame   0x0000000000000428       0x38 c:/st/stm32cubeide_1.2.0/stm32cubeide/plugins/com.st.stm32cube.ide.mcu.externaltools.gnu-tools-for-stm32.7-2018-q2-update.win32_1.0.0.201904181610/tools/bin/../lib/gcc/arm-none-eabi/7.3.1/../../../../arm-none-eabi/lib\libc_nano.a(lib_a-init.o)
