15:02:37 **** Incremental Build of configuration Debug for project stm32f4xx_drivers ****
make -j12 all 
arm-none-eabi-gcc "../drivers/Src/stm32f446xx_gpio_driver.c" -mcpu=cortex-m4 -std=gnu11 -g3 -DSTM32 -DSTM32F4 -DSTM32F446RETx -DDEBUG -c -I"D:/Summer 2020/Embedded Software/Wrokspace/MCU1/stm32f4xx_drivers/drivers/Inc" -I../Inc -I"D:/Summer 2020/Embedded Software/Wrokspace/MCU1/stm32f4xx_drivers/drivers/Inc" -O0 -Wall -fstack-usage -MMD -MP -MF"drivers/Src/stm32f446xx_gpio_driver.d" -MT"drivers/Src/stm32f446xx_gpio_driver.o" --specs=nano.specs -mfpu=fpv4-sp-d16 -mfloat-abi=soft -mthumb -o "drivers/Src/stm32f446xx_gpio_driver.o"
arm-none-eabi-gcc -o "stm32f4xx_drivers.elf" @"objects.list"   -mcpu=cortex-m4 -T"D:\Summer 2020\Embedded Software\Wrokspace\MCU1\stm32f4xx_drivers\STM32F446RETX_FLASH.ld" --specs=nosys.specs -Wl,-Map="stm32f4xx_drivers.map" -Wl,--gc-sections -static --specs=nano.specs -mfpu=fpv4-sp-d16 -mfloat-abi=soft -mthumb -Wl,--start-group -lc -lm -Wl,--end-group
Finished building target: stm32f4xx_drivers.elf
 
arm-none-eabi-objdump -h -S  stm32f4xx_drivers.elf  > "stm32f4xx_drivers.list"
arm-none-eabi-objcopy  -O binary  stm32f4xx_drivers.elf  "stm32f4xx_drivers.bin"
arm-none-eabi-size   stm32f4xx_drivers.elf 
   text	   data	    bss	    dec	    hex	filename
   4100	      8	   1568	   5676	   162c	stm32f4xx_drivers.elf
Finished building: default.size.stdout
 
Finished building: stm32f4xx_drivers.bin
Finished building: stm32f4xx_drivers.list
 
 
15:02:45 **** Incremental Build of configuration Debug for project stm32f4xx_drivers ****
make -j12 all 
arm-none-eabi-size   stm32f4xx_drivers.elf 
   text	   data	    bss	    dec	    hex	filename
   4100	      8	   1568	   5676	   162c	stm32f4xx_drivers.elf
Finished building: default.size.stdout
 
15:04:37 **** Incremental Build of configuration Debug for project stm32f4xx_drivers ****
make -j12 all 
arm-none-eabi-size   stm32f4xx_drivers.elf 
   text	   data	    bss	    dec	    hex	filename
   4100	      8	   1568	   5676	   162c	stm32f4xx_drivers.elf
Finished building: default.size.stdout
 
